// Jest Snapshot v1, https://goo.gl/fbAQLP

exports[`App component shows 404 view for invalid path 1`] = `"<main class=\\"app\\"><main><h1>Page not found</h1></main></main>"`;

exports[`App component shows filtered movie list for /search/:query path 1`] = `"<main class=\\"app\\"><section class=\\"filtered-movie-list\\"><section class=\\"top-section\\"><div class=\\"top-section__overlay\\"></div><div class=\\"top-section__inner-container\\"><h1>FIND YOUR MOVIE</h1><form class=\\"search-form\\"><input class=\\"p-inputtext p-component search-input p-filled\\" placeholder=\\"Search...\\" type=\\"text\\" required=\\"\\" value=\\"green\\"><div class=\\"search-by\\"><label>SEARCH BY</label><button type=\\"button\\" class=\\"p-button p-component p-button-danger p-button-text-only\\" data-value=\\"title\\"><span class=\\"p-button-text p-c\\">Title</span></button><button type=\\"button\\" class=\\"p-button p-component p-button-secondary p-button-text-only\\" data-value=\\"genres\\"><span class=\\"p-button-text p-c\\">Genre</span></button></div><button class=\\"p-button p-component p-button-danger search-button p-button-text-only\\" type=\\"submit\\"><span class=\\"p-button-text p-c\\">Search</span></button></form></div></section><div class=\\"p-toolbar p-component movie-list-toolbar\\"><label class=\\"movie-list-toolbar__label\\">1 movies found</label><div class=\\"sort-by\\"><label>Sort by</label><a class=\\"sort-by__link sort-by__link--active\\" data-value=\\"release_date\\" href=\\"javascript:void(0);\\">release date</a><a class=\\"sort-by__link\\" data-value=\\"vote_average\\" href=\\"javascript:void(0);\\">rating</a></div></div><section class=\\"movie-list\\"><div class=\\"movie-list-item\\"><a href=\\"/film/1\\"><img></a><div><h2></h2><span class=\\"movie-list-item__date\\"></span></div><div class=\\"movie-list-item__genres\\">action</div></div></section></section></main>"`;

exports[`App component shows movie page for /film/:id path 1`] = `"<main class=\\"app\\"><section class=\\"movie-page\\"><section class=\\"top-section\\"><div class=\\"top-section__overlay\\"></div><div class=\\"top-section__inner-container\\"><button class=\\"p-button p-component p-button-secondary p-button-text-only\\"><span class=\\"p-button-text p-c\\">SEARCH</span></button><article class=\\"movie\\"><img><div class=\\"movie__description\\"><h2>action movie</h2>&nbsp;<div class=\\"movie__rating\\"></div><div class=\\"movie__tagline\\"></div><span class=\\"movie__date\\"></span><span class=\\"movie__duration\\">0 min</span><div class=\\"movie__overview\\"></div></div></article></div></section><section><div class=\\"p-toolbar p-component movie-list-toolbar\\"><label class=\\"movie-list-toolbar__label\\">Films by action genre</label></div><section class=\\"movie-list\\"><div class=\\"movie-list-item\\"><a href=\\"/film/1\\"><img></a><div><h2></h2><span class=\\"movie-list-item__date\\"></span></div><div class=\\"movie-list-item__genres\\">action</div></div></section></section></section></main>"`;

exports[`App component shows no results view for / path 1`] = `"<main class=\\"app\\"><section class=\\"filtered-movie-list\\"><section class=\\"top-section\\"><div class=\\"top-section__overlay\\"></div><div class=\\"top-section__inner-container\\"><h1>FIND YOUR MOVIE</h1><form class=\\"search-form\\"><input class=\\"p-inputtext p-component search-input\\" placeholder=\\"Search...\\" type=\\"text\\" required=\\"\\" value=\\"\\"><div class=\\"search-by\\"><label>SEARCH BY</label><button type=\\"button\\" class=\\"p-button p-component p-button-danger p-button-text-only\\" data-value=\\"title\\"><span class=\\"p-button-text p-c\\">Title</span></button><button type=\\"button\\" class=\\"p-button p-component p-button-secondary p-button-text-only\\" data-value=\\"genres\\"><span class=\\"p-button-text p-c\\">Genre</span></button></div><button class=\\"p-button p-component p-button-danger search-button p-button-text-only\\" type=\\"submit\\"><span class=\\"p-button-text p-c\\">Search</span></button></form></div></section><div class=\\"p-toolbar p-component\\"></div><section class=\\"no-results\\"><h1>No films found</h1></section></section></main>"`;
