// Jest Snapshot v1, https://goo.gl/fbAQLP

exports[`ErrorBoundary component has persistent error snapshot 1`] = `ReactWrapper {}`;

exports[`ErrorBoundary component has persistent regular snapshot 1`] = `ShallowWrapper {}`;
