// Jest Snapshot v1, https://goo.gl/fbAQLP

exports[`FilteredMovieList component has persistent default snapshot 1`] = `ShallowWrapper {}`;
