// Jest Snapshot v1, https://goo.gl/fbAQLP

exports[`SearchResultsInfo component has persistent snapshot 1`] = `ShallowWrapper {}`;
