// Jest Snapshot v1, https://goo.gl/fbAQLP

exports[`TopSection component has persistent snapshot 1`] = `"<section class=\\"top-section\\"><div class=\\"top-section__overlay\\"></div><div class=\\"top-section__inner-container\\"><div id=\\"1\\"></div><div id=\\"2\\"></div></div></section>"`;
